// Jest Snapshot v1, https://goo.gl/fbAQLP

exports[`should render AboutPage correctly 1`] = `
<div
  className="container"
>
  <h1>
    About
  </h1>
  <p>
    Lorem ipsum dolor sit amet consectetur adipisicing elit. Aliquam adipisci perferendis asperiores doloribus nisi, dicta ut velit? Quasi ex et sequi fuga dolores temporibus. Illum consequatur eligendi obcaecati expedita inventore minus aliquid sunt ipsum quibusdam. Unde porro fugiat ipsa. Nesciunt, magnam error. Error optio laborum quasi nulla temporibus tempora explicabo facilis minima doloremque? Consectetur tempore adipisci esse ea assumenda corporis voluptate tenetur velit reprehenderit debitis, sit in voluptates commodi asperiores inventore nisi itaque vero necessitatibus voluptatum beatae dolorum excepturi. Sint animi dolores optio consectetur dignissimos laudantium numquam tempore quos saepe recusandae? Nulla deserunt qui earum cupiditate facilis porro aspernatur iste.
  </p>
</div>
`;
