// Jest Snapshot v1, https://goo.gl/fbAQLP

exports[`should render CategoriaFiltersItem correctly 1`] = `
<span
  className="filter__item "
  onClick={[Function]}
>
  For√ßa de Vendas
</span>
`;
