// Jest Snapshot v1, https://goo.gl/fbAQLP

exports[`should render ComunicadosPage correctly 1`] = `
<div
  className="container"
>
  <span>
    <i
      className="fas fa-spinner fa-pulse mr-xs"
    />
     Aguarde, carregando...
  </span>
</div>
`;
