// Jest Snapshot v1, https://goo.gl/fbAQLP

exports[`should render NotFoundPage correctly 1`] = `
<div
  className="container"
>
  <p>
    404 - 
    <Link
      replace={false}
      to="/"
    >
      Voltar para in√≠cio
    </Link>
  </p>
</div>
`;
